// Jest Snapshot v1, https://goo.gl/fbAQLP

exports[`Test Login Page LoginPage vie 1`] = `
<form
  class="app-login-page-forms__form"
  data-testid="form-enter-snap"
>
  <h2>
    Вход
  </h2>
  <div
    class="app-login-page-forms-form-registration-input"
  >
    <div
      class="input-wrapper input-wrapper-color-login"
    >
      <input
        class="input-wrapper__input input-color-login"
        placeholder="Введите email"
        type="text"
        value=""
      />
      <span
        class="input-wrapper-btn__stroke"
      />
    </div>
    <div
      class="input-wrapper input-wrapper-color-login"
    >
      <input
        class="input-wrapper__input input-color-login"
        placeholder="Введите пароль"
        type="password"
        value=""
      />
      <button
        class="input-wrapper__btn"
      >
        <svg
          fill="currentColor"
          height="17"
          stroke="currentColor"
          stroke-width="0"
          viewBox="0 0 1024 1024"
          width="17"
          xmlns="http://www.w3.org/2000/svg"
        >
          <path
            d="M396 512a112 112 0 1 0 224 0 112 112 0 1 0-224 0zm546.2-25.8C847.4 286.5 704.1 186 512 186c-192.2 0-335.4 100.5-430.2 300.3a60.3 60.3 0 0 0 0 51.5C176.6 737.5 319.9 838 512 838c192.2 0 335.4-100.5 430.2-300.3 7.7-16.2 7.7-35 0-51.5zM508 688c-97.2 0-176-78.8-176-176s78.8-176 176-176 176 78.8 176 176-78.8 176-176 176z"
          />
        </svg>
      </button>
      <span
        class="input-wrapper-btn__stroke"
      />
    </div>
  </div>
  <div
    class="app-login-page-forms-form__btns"
  >
    <button
      class="btn border-pinc"
      data-testid="button-enter"
      type="submit"
    >
      Войти
      <span
        class="btn__stroke"
      />
    </button>
    <button
      class="btn border-pinc"
      data-testid="btn-testCgangeForm"
    >
      Регистрация
      <span
        class="btn__stroke"
      />
      <svg
        class="arr-ml"
        fill="currentColor"
        height="17"
        stroke="currentColor"
        stroke-width="0"
        viewBox="0 0 16 16"
        width="17"
        xmlns="http://www.w3.org/2000/svg"
      >
        <path
          d="M1 8a.5.5 0 0 1 .5-.5h11.793l-3.147-3.146a.5.5 0 0 1 .708-.708l4 4a.5.5 0 0 1 0 .708l-4 4a.5.5 0 0 1-.708-.708L13.293 8.5H1.5A.5.5 0 0 1 1 8z"
          fill-rule="evenodd"
        />
      </svg>
    </button>
  </div>
</form>
`;
